[20sept2026 19:37:59.836] [main/INFO] [cpw.mods.modlauncher.Launcher/MODLAUNCHER]: ModLauncher running: args [--launchTarget, forgedatauserdev, --assetIndex, 17, --assetsDir, C:\\Users\\danie\\.gradle\\caches\\neoformruntime\\assets, --gameDir, ., --fml.neoForgeVersion, 21.1.77, --fml.fmlVersion, 4.0.31, --fml.mcVersion, 1.21.1, --fml.neoFormVersion, 20240808.144430, --mod, mantle, --all, --output, C:\\Users\\danie\\OneDrive\\Documentos\\Github\\Personal\\Mantle\\src\\generated\\resources, --existing, C:\\Users\\danie\\OneDrive\\Documentos\\Github\\Personal\\Mantle\\src\\main\\resources]
[20sept2026 19:37:59.843] [main/INFO] [cpw.mods.modlauncher.Launcher/MODLAUNCHER]: JVM identified as Oracle Corporation Java HotSpot(TM) 64-Bit Server VM 21.0.12+7-LTS-205
[20sept2026 19:37:59.853] [main/INFO] [cpw.mods.modlauncher.Launcher/MODLAUNCHER]: ModLauncher 11.0.4+main.d2e20e43 starting: java version 21.0.12 by Oracle Corporation; OS Windows 11 arch amd64 version 10.0
[20sept2026 19:38:00.053] [main/INFO] [net.neoforged.fml.loading.ImmediateWindowHandler/]: ImmediateWindowProvider not loading because launch target is forgedatauserdev
[20sept2026 19:38:00.130] [main/INFO] [mixin/]: SpongePowered MIXIN Subsystem Version=0.8.7 Source=union:/C:/Users/danie/.gradle/caches/modules-2/files-2.1/net.fabricmc/sponge-mixin/0.15.2+mixin.0.8.7/2af2f021d8e02a0220dc27a7a72b4666d66d44ca/sponge-mixin-0.15.2+mixin.0.8.7.jar%23131!/ Service=ModLauncher Env=CLIENT
[20sept2026 19:38:00.691] [main/INFO] [net.neoforged.fml.loading.moddiscovery.locators.JarInJarDependencyLocator/]: Found 2 dependencies adding them to mods collection
[20sept2026 19:38:00.701] [main/INFO] [net.neoforged.fml.loading.moddiscovery.ModDiscoverer/]: 
     Mod List:
		Name Version (Mod Id)

		Mantle 1.12.0.DEV.8e00b7cb (mantle)
		Minecraft 1.21.1 (minecraft)
		NeoForge 21.1.77 (neoforge)
[20sept2026 19:38:02.516] [main/INFO] [cpw.mods.modlauncher.LaunchServiceHandler/MODLAUNCHER]: Launching target 'forgedatauserdev' with arguments [--gameDir, ., --assetsDir, C:\Users\danie\.gradle\caches\neoformruntime\assets, --assetIndex, 17, --mod, mantle, --all, --output, C:\\Users\\danie\\OneDrive\\Documentos\\Github\\Personal\\Mantle\\src\\generated\\resources, --existing, C:\\Users\\danie\\OneDrive\\Documentos\\Github\\Personal\\Mantle\\src\\main\\resources]
[20sept2026 19:38:03.289] [main/INFO] [net.neoforged.neoforge.data.loading.DatagenModLoader/]: Initializing Data Gatherer for mods [mantle]
[20sept2026 19:38:03.313] [main/INFO] [MixinExtras|Service/]: Initializing MixinExtras via com.llamalad7.mixinextras.service.MixinExtrasServiceImpl(version=0.4.1).
[20sept2026 19:38:11.455] [modloading-worker-0/INFO] [net.neoforged.neoforge.common.NeoForgeMod/NEOFORGE-MOD]: NeoForge mod loading, version 21.1.77, for MC 1.21.1
[20sept2026 19:38:12.334] [main/WARN] [net.minecraft.server.packs.VanillaPackResourcesBuilder/]: Assets URL 'union:/C:/Users/danie/OneDrive/Documentos/Github/Personal/Mantle/versions/1.21.1-neoforge/build/moddev/artifacts/neoforge-21.1.77.jar%23183!/assets/.mcassetsroot' uses unexpected schema
[20sept2026 19:38:12.334] [main/WARN] [net.minecraft.server.packs.VanillaPackResourcesBuilder/]: Assets URL 'union:/C:/Users/danie/OneDrive/Documentos/Github/Personal/Mantle/versions/1.21.1-neoforge/build/moddev/artifacts/neoforge-21.1.77.jar%23183!/data/.mcassetsroot' uses unexpected schema
[20sept2026 19:38:12.668] [main/INFO] [net.minecraft.data.DataGenerator/]: Starting provider: Mantle Block Tag Provider
[20sept2026 19:38:12.978] [main/INFO] [net.minecraft.data.DataGenerator/]: Mantle Block Tag Provider finished after 305 ms
[20sept2026 19:38:12.980] [main/INFO] [net.minecraft.data.DataGenerator/]: Starting provider: Mantle Fluid Tag Provider
[20sept2026 19:38:12.987] [main/INFO] [net.minecraft.data.DataGenerator/]: Mantle Fluid Tag Provider finished after 4 ms
[20sept2026 19:38:12.987] [main/INFO] [net.minecraft.data.DataGenerator/]: Starting provider: Tags for minecraft:menu mod id mantle
[20sept2026 19:38:12.987] [main/INFO] [net.minecraft.data.DataGenerator/]: Tags for minecraft:menu mod id mantle finished after 2 ms
[20sept2026 19:38:12.987] [main/INFO] [net.minecraft.data.DataGenerator/]: Starting provider: Mantle fluid transfer provider
[20sept2026 19:38:13.035] [main/INFO] [net.minecraft.data.DataGenerator/]: Mantle fluid transfer provider finished after 44 ms
[20sept2026 19:38:13.035] [main/INFO] [net.minecraft.data.DataGenerator/]: Starting provider: Mantle Fluid Tooltip Provider
[20sept2026 19:38:13.049] [main/INFO] [net.minecraft.data.DataGenerator/]: Mantle Fluid Tooltip Provider finished after 10 ms
[20sept2026 19:38:13.050] [main/INFO] [net.minecraft.data.DataGenerator/]: All providers took: 380 ms
[20sept2026 19:38:13.073] [main/INFO] [net.minecraft.data.HashCache/]: Caching: total files: 35, old count: 31, new count: 32, removed stale: 4, written: 22
